Hello Word
<xmd5>
   <file name="binary.dat"
         path="binary.dat"
         md5="afa70fb69e9a013a33ec4197c0f697a2"
         length="6012999"/>
</xmd5>
<xmd5>
   <file name="b2.dat"
         path="b2.dat"
         md5="afa70fb69e9a013a33ec4197c0f697a2"
         length="6012999"/>
</xmd5>
