t1=http://www.example.org/test1
t2=http://www.example.org/test2
[11] <t1:test xmlns:t1="http://www.example.org/test1"><t2:test xmlns:t2="http://www.example.org/test2">Test</t2:test></t1:test>
t1=http://www.example.org/test1
[21] <t1:test xmlns:t1="http://www.example.org/test1"><test>Test</test></t1:test>
[1] <t3:test xmlns:t3="http://www.example.org/test3"><test>Test</test></t3:test>
[36] <foo xmlns="http://test.xmlsh.org/ns"/>
[39] <foo/>
