[5] 0
[7] 1
[9] 3
[10] bar
[11] foo bar spam
<spam><bar a="attr">text</bar></spam>
[20] foo
[21] 1 2 3
foo
<spam><bar a="attr">text</bar></spam>
1
[23] foo <spam>
   <bar a="attr">text</bar>
</spam> 1
