f5 start
f6 start
f7 start
f8 start
[63]
Passed
[65]
Passed
[67]
Passed
[69]
f8 start
[71]
3
[73]
Passed
