java.lang.String
java.lang.String
java.lang.String
java.lang.String
java.lang.String
xs:integer
xs:string
element()
document-node()
attribute()
