[44] Source of C:/temp//xmlsh1-s4 Should Succeed
This is an xsh script
VAR is now 2
[48] Source of ${T}3 Should Succeed and resolve to $T3
This is an xsh script
[51] Should fail to run
SHOULD FAIL
[54] Should fail to run
SHOULD FAIL
[57] Should Succeed
This is an xsh script
SUCCEEDED
