string
string
xs:integer
xs:integer
xs:integer
next
object
empty
hello world
80
function a-b
