org.xmlsh.core.XValueProperty
value 2
org.xmlsh.core.XValuePropertyList
[value1 ,value2 ]
