[8] Should be 4
$# 4
null
one
two
three
[10] Should be 3
$# 1
[]
[13] Should be 3
$# 3

[]

[16] Should be 4
$# 4
null
one
two
three
[18] Should be ??
$# 1
[]
[20] Should be ??
[22] Should be 4
$# 4
null
one
two
three
[24] Should be 3
$# 3
null one

three
[26] Should be 5
$# 5
null
one

three

[28] Should be 0
$# 0
[30] Should be 3
$# 3

[]

[32] Should be 3
$# 3

[]

[34] Should be 4
$# 4




[36] Should be 5
$# 5





[38] Should be 3
$# 3

[]

[40] Should be 4
$# 4




[42] Should be 5
$# 5





