Should be foo: foo
Should be 1 : 1
string
exanding
string
string
string
Arg a1
Arg b1
Arg c1
Success expected false got false
retval is 1 should be 1
