[22]
dir
see
test
[24]
..test
.dir
.test
dir
see
test
[26]
dir
dir/see
see
test
[28]
..test
.dir
.dir/.dir2
.dir/.dir2/.hide2
.dir/.hide
.dir/see
.test
dir
dir/see
see
test
[30]
see
[32]
see
[34]
see
[36]
[38]
.hide2
[40]
dir see test
[42]
..test .dir .test
[44]
.dir
[46]
*/.d*
[48]
.dir/see
[50]
.dir/.dir2 .dir/.hide
[52]
.d*/.d*/*
[54]
.dir/*/*
.dir/.dir2/.hide2
[57]
see
[59]
.dir/see
