[4] foo bar
[5] foo
[6] foo bar
[7] foo bar
[9] foobar
[10] foobar
[12] foobar
[13] foobar
[15] foobarspam
[17] 1
[18] foo bar spam
[20] 1
[21] foo bar spam
[24] foobar'spam'bletchbarf
[30] test
[31] footest
[32] footestbar
[33] testfoo
[37] $_A
[38] foo$_A
[39] foo$_Abar
[43] foobar
[44] foo\bar
[45] foo\bar
[46] foo\bar
[47] foo\\bar
[48] foo\\\bar
[49] foo\bar
[50] foo\bar
[51] foo\\bar
[55] on a single line
[57] on a single line
[59] line 1
line 2
[62] line 1
line 2
[69] <foo attr="test"/>
[73] "" ""
[75] 2
[76] "" ""
[77] "" ""
[80] "
[81] '"
[82] 'foo bar'
[86]$# 3
foo
""
bar spam
[88]$# 3
xfoo
""
bar spamy
[90]$# 5
x
foo
""
bar spam
y
[92]$# 1
xfoo "" bar spamy
[94]$# 1
x foo "" bar spam y
[96]$# 1
foo "" bar spam
[98]$# 3
foo
""
bar spam
[100]$# 1
foo "" bar spam
[102]$# 1
foo "" bar spambletch
[104]$# 1
Afoo "" bar spambletch
[106]$# 1
Afoo "" bar spambletch
[108]$# 3
foo
""
bar spam
[110]$# 3
foo
""
bar spam
[112]$# 3
foo
""
bar spam
[114]$# 3
foo
""
bar spam
[116]$# 3
foo
""
bar spambletch
[118]$# 3
xfoo
""
bar spambletch
[120]$# 3
xfoo
""
bar spambletch
[126] <foo bletch="abc" bar="spam">"Text Here in Quotes"</foo>
<foo bletch="abc" bar="spam">"Text Here in Quotes"</foo>
[128] <foo bletch="abc" bar="spam">"Text Here in Quotes"</foo>
[129] foo<foo bletch="abc" bar="spam">"Text Here in Quotes"</foo>bar
