http%3A%2F%2Fwww.xmlsh.org
a+string+%26+with+%3C+weird+%3D%3F+chars&second%26second
first=arg1&sec%26end=arg+2
a=1&b%3D2=spam%26bletch
