../../samples/data/REC-xml-20060816.xml
../../samples/data/books.xml
../../samples/data/intl.xml
../../samples/data/othello.xml
../../samples/data/xi_doc1.xml
../../samples/data/xi_sub1.xml
../../samples/data/xml-base-chap.xml
../../samples/data/xml-base-test.xml
