element()
java.lang.String
document-node()
<foo>bar</foo>
<test><foo>bar</foo></test>
<test>&lt;foo&gt;bar&lt;/foo&gt;
</test>
<test>&lt;foo&gt;bar&lt;/foo&gt;
</test>
<test>&lt;foo&gt;bar&lt;/foo&gt;
</test>
<foo>bar</foo>
<foo>bar</foo>
