a is <test>data</test>
type of a is document-node()
document is XML type
