Step 1 Success compared Success
Step 2-f1 Success compared Success
Step 2-f2 Success compared Success
Step 3-f1 Success compared Success
Step 3-f2 Success compared Success
Step 3-f3 Success compared Success
