java.lang.String
java.lang.String
java.lang.String
Hi There
Hi There
1 8 true
