<builtin_set>
<variable name="A"
          type-family="XDM"
          type="net.sf.saxon.s9api.XdmAtomicValue"
          simple-type="string"
          flags="[EXPORT, XEXPR]"/>
<variable name="B"
          type-family="XDM"
          type="net.sf.saxon.s9api.XdmNode"
          simple-type="xml"
          flags="[EXPORT, XEXPR]"/>
</builtin_set>
