java.lang.Integer
12345
java.lang.String
3039
java.lang.Integer
-2147483648
Hello World
java.lang.String
HELLO WORLD
