org.xmlsh.types.xtypes.XValueMap
org.xmlsh.types.xtypes.XValueMap
Value 2
{[a1]=value1 ,[a2]=value2 }
