[6] There are 6 ITEMS
Modern Library
Modern Library
[23] foo
[26] There are 3 elements : should be 3
[27] <spam>bletch</spam>
[34] There are 4 elements : should be 4
[35] <spam>bletch</spam>
[42] foobar should be foobar
[45] Should be sequence foobar , <foo/>
[47]
foobar
<foo/>
[48] Should be same
foobar
<foo/>
[50] should be sequence or array
object
[52] should be string / element()
string
element()
[59] test append to an unset var
string
[63] empty
full
[64] 1
Should be xdm <foo/>
<foo/>
[72] should be 3 lines
<foo/>
foo
bar
[74] 3 should be 3
object
[76] 3
<foo>brace group</foo>
<bar/>
<foo>sub shell</foo>
<bar/>
[90] testing port (output)
output
[92] output2
output3 should be output3 on stdout once
output4
output5
[102] testing output then break should be output6 once
output6
[107] should be output7 then output 8
output7
output8
[111] testing redirect through compound statements
[113] input1
input2
input3
input4
[117] done
