element()
java.lang.String
<test><foo>bar</foo></test>
<test>&lt;foo&gt;bar&lt;/foo&gt;&#xD;
</test>
java.lang.String
