Success xml replace
Success replace attribute
Success add element
Success delete element
Success xpath replace text
Success xpath replace text
Success xpath replace attriubute
Success xproc replace with xpath
