Hello Word
<xmd5>
   <file name="binary.dat"
         path="binary.dat"
         md5="57ba8969b22f0e50a789b9ee4f58056d"
         length="4172325"/>
</xmd5>
<xmd5>
   <file name="b2.dat"
         path="b2.dat"
         md5="57ba8969b22f0e50a789b9ee4f58056d"
         length="4172325"/>
</xmd5>
