java.lang.Integer
1
java.util.Date
*
[a-z]*
*
test
test
*
*
