Value: Hi
Length: 2
String
TestTypes()
TestTypes(String)
TestTypes(Object)
TestTypes(Integer)
TestTypes(Integer,String)
TestTypes(Long,String)
