true
true
true
value1
value1
value1
value1
value1
value1
