"1"
1
com.fasterxml.jackson.databind.node.IntNode
com.fasterxml.jackson.databind.node.DecimalNode
com.fasterxml.jackson.databind.node.TextNode
com.fasterxml.jackson.databind.node.NullNode
